$("#innerTabContent").html('\u003Ctable id=\"selectedCategoryContainerMERX\"\u003E\u003Ctr class=\"mets-table-row\"\u003E\u003Ctd\u003E\u003Cspan id=\"m-code\"\u003EC\u003C/span\u003E\u003C/td\u003E\u003Ctd\u003E\u003Cspan class=\"categoryName\"\u003EConstruction\u003C/span\u003E\u003C/td\u003E\u003C/tr\u003E\u003C/table\u003E\u003Ctable id=\"selectedCategoryContainerGSIN\"\u003E\u003Ctr class=\"mets-table-row\"\u003E\u003Ctd\u003E\u003Cspan id=\"g-code\"\u003E5114BA\u003C/span\u003E\u003C/td\u003E\u003Ctd\u003E\u003Cspan class=\"categoryName\"\u003EX\u003C/span\u003E\u003C/td\u003E\u003C/tr\u003E\u003C/table\u003E');
