$("#innerTabContent").html('\u003Ca href=\"/public/solicitations/99/abstract/docs-items/77/attachment-preview-dialog\"\u003Espec.pdf\u003C/a\u003E\u003Ca href=\"/public/solicitations/99/abstract/docs-items/88/attachment-preview-dialog\"\u003Eaddendum.docx\u003C/a\u003E\u003Ca href=\"/public/other\"\u003Eignore me\u003C/a\u003E');
