<a data-ajax-url="/public/supplier/solicitations/notice/444165230573/abstract/categories"></a>
<div id="g_9" class="mets-field"><span class="mets-field-label">Reference Number</span><div class="mets-field-body">00005204274</div></div><div id="g_11" class="mets-field"><span class="mets-field-label">Solicitation Type</span><div class="mets-field-body">RFQ - Request for Quote (Informal)</div></div><div id="g_12" class="mets-field"><span class="mets-field-label">Solicitation Number</span><div class="mets-field-body">RRFB0129</div></div><div id="g_19" class="mets-field"><span class="mets-field-label"></span><div class="mets-field-body">Adolfo Vargas</div></div><div id="g_20" class="mets-field"><span class="mets-field-label"></span><div class="mets-field-body">avargas@divertns.ca</div></div>
