<!DOCTYPE html><html><body><table id="solicitationsList">
<thead><tr><th><span class="simpleSolResultsNumResults">3,254 results</span></th></tr></thead>
<tbody>
<tr class="mets-table-row odd"><td class="mainCol"><a id="searchResultSol_notice_444165376614" href="/public/supplier/interception/view-notice/444165376614?origin=0" class="solicitation-link mets-command-link"><span class="rowTitle">DD for Six Highway 11 Projects and PD for One Highway 141 Project</span><span class="buyer-name">Engineering Services - Northeast Region</span><span class="location">Northeastern, Ont., CAN</span><span class="timeRemaining">34 day(s) left</span><span class="publicationDate"><span class="dateValue">2026/09/17</span></span><span class="closingDate open"><span class="dateValue">2026/10/22</span></span></a></td></tr>
<tr class="mets-table-row even"><td class="mainCol"><a id="searchResultSol_solicitation_4071906311" href="/solicitations/open-bids/RFP-for-Corner-Brook-Fleet-Centre/0000330846?origin=0" class="solicitation-link mets-command-link"><span class="rowTitle">RFP for Corner Brook Fleet Centre</span><span class="buyer-name">Medavie Inc.</span><span class="location">Newfoundland and Labrador, CAN</span><span class="timeRemaining">57 day(s) left</span><span class="publicationDate"><span class="dateValue">2026/09/17</span></span><span class="closingDate open"><span class="dateValue">2026/11/13</span></span></a></td></tr>
</tbody></table></body></html>
