<span class="mets-total-elements-display">1 - 25 of 3332 results found</span>
<table>
<tr class="mets-table-row">
<td>
<a id="title1" href="/private/supplier/interception/open-solicitation/4103112608?target=view" class="solicitationsTitleLink">Division Office and Conference Centre Needs Assessment and Feasibility Study</a>
<span class="buyerIdentification">Interlake School Division</span>
<span class="solicitationDescription"></span>
<span class="dateValue">2026/10/09 01:00:00 PM EDT</span>
<span class="regionValue">Interlake, MB, CAN</span>
<span class="publicationDate">Published Date 2026/09/24</span>
</td>
</tr>
<tr class="mets-table-row">
<td>
<a id="title11" href="/private/supplier/interception/view-notice/444173036954" class="solicitationsTitleLink">Supply and Delivery of ZF AV133 Axles for Various Metrolinx Bus Facilities<script>var leaked = "opens in a new window";</script><span class="accessibility-hidden"> (opens in a new window)</span></a>
<span class="buyerIdentification">Metrolinx</span>
<span class="regionValue">Southern Ontario, CAN</span>
<span class="dateValue">2026/10/21 03:00:00 PM EDT</span>
<span class="publicationDate">Published Date 2026/09/24</span>
</td>
</tr>
<tr class="mets-table-row">
<td>
<a id="title17" href="/private/supplier/interception/view-notice/444172969960" class="solicitationsTitleLink">Sidewalk Snow Clearing</a>
<span class="buyerIdentification">City of Regina</span>
<span class="solicitationDescription">The City is seeking qualified contractors to provide equipment, operators and associated resources to undertake winter sidewalk maintenance services in support of accessibility objectives.</span>
<span class="dateValue">2026/10/15 03:00:00 PM EDT</span>
<span class="regionValue">Saskatchewan, CAN</span>
<span class="publicationDate">Published Date 2026/09/24</span>
</td>
</tr>
</table>
